Microchip MPLAB XC8 Compiler V1.43 ()

Linker command line:

-W-3 --edf=C:\Program Files (x86)\Microchip\xc8\v1.43\dat\en_msgs.txt \
  -pivt0x8=08h -cs -h+dist/default/debug\Rex.debug.sym \
  --cmf=dist/default/debug\Rex.debug.cmf -z -Q18F46K42 \
  -oC:\Users\Kelly\AppData\Local\Temp\sjd4.2 \
  -Mdist/default/debug/Rex.debug.map -E1 -ver=XC8 -ASTACK=0D4h-0fffh \
  -pstack=STACK -ACODE=00h-0FFFFh -ACONST=00h-0FFFFh \
  -ASMALLCONST=01000h-010FFhx240 -AMEDIUMCONST=01000h-0FFFFh \
  -ACOMRAM=01h-05Fh -AABS1=00h-0FFFh -ABIGRAM=01h-0FFFh \
  -ARAM=060h-0FFh,0100h-01FFhx15 -ABANK0=060h-0FFh -ABANK1=0100h-01FFh \
  -ABANK2=0200h-02FFh -ABANK3=0300h-03FFh -ABANK4=0400h-04FFh \
  -ABANK5=0500h-05FFh -ABANK6=0600h-06FFh -ABANK7=0700h-07FFh \
  -ABANK8=0800h-08FFh -ABANK9=0900h-09FFh -ABANK10=0A00h-0AFFh \
  -ABANK11=0B00h-0BFFh -ABANK12=0C00h-0CFFh -ABANK13=0D00h-0DFFh \
  -ABANK14=0E00h-0EFFh -ABANK15=0F00h-0FFFh \
  -ASFR=03800h-038FFhx7,03F00h-03F5Fh,03F60h-03FFFh -preset_vec=00h \
  -ppowerup=CODE,init -pramtop=01000h -psmallconst=SMALLCONST \
  -pmediumconst=MEDIUMCONST -pconst=CONST -AFARRAM=00h-00h \
  -ACONFIG=0300000h-0300009h -pconfig=CONFIG -AIDLOC=0200000h-020000Fh \
  -pidloc=IDLOC -AEEDATA=0310000h-03103FFh -peeprom_data=EEDATA \
  -prdata=COMRAM,nvrram=COMRAM,nvbit=COMRAM,rbss=COMRAM,rbit=COMRAM \
  -pfarbss=FARRAM,fardata=FARRAM,nvFARRAM=FARRAM \
  -pintsave_regs=BIGRAM,bigbss=BIGRAM,bigdata=BIGRAM -pbss=RAM \
  -pidata=CODE,irdata=CODE,ibigdata=CODE,ifardata=CODE -prparam=COMRAM \
  C:\Users\Kelly\AppData\Local\Temp\sjd4.obj \
  dist/default/debug\Rex.debug.obj 

Object code version is 3.11

Machine type is 18F46K42

Call graph: (short form)




                Name                               Link     Load   Length Selector   Space Scale
C:\Users\Kelly\AppData\Local\Temp\sjd4.obj
                init                                 1A       1A        4        4       0
                reset_vec                             0        0        6        0       0
                idloc                            200000   200000       10   200000       0
                config                           300000   300000        A   300000       0
dist/default/debug\Rex.debug.obj
                smallconst                         1000     1000       2E      800       0
                ivt0x8                                8        8       12        4       0
                text30                             29E6     29E6        2      817       0
                text29                             29C0     29C0        E      817       0
                text28                             2918     2918       22      817       0
                text27                             29A0     29A0       12      817       0
                text26                             244E     244E       BA      817       0
                text25                             25BC     25BC       B0      817       0
                text24                             2850     2850       52      817       0
                text23                             29E0     29E0        6      817       0
                text22                             293A     293A       20      817       0
                text21                             266C     266C       90      817       0
                text20                             29B2     29B2        E      817       0
                text19                             28A2     28A2       2E      817       0
                text18                             298E     298E       12      817       0
                text17                             2974     2974       1A      817       0
                text16                             2508     2508       B4      817       0
                text15                             1F70     1F70      156      817       0
                text14                             20C6     20C6      14E      817       0
                text13                             29DA     29DA        6      817       0
                text12                             29D4     29D4        6      817       0
                text11                             27E4     27E4       6C      817       0
                text10                             2340     2340      10E      817       0
                text9                              2214     2214      12C      817       0
                text8                              2778     2778       6C      817       0
                text7                              28F6     28F6       22      817       0
                text6                              29CE     29CE        6      817       0
                text5                              28D0     28D0       26      817       0
                text4                              19DA     19DA      380      817       0
                text3                              1D5A     1D5A      216      817       0
                text2                              102E     102E      5E6      817       0
                text1                              26FC     26FC       7C      817       0
                text0                              1614     1614      3C6      817       0
                cstackCOMRAM                          1        1       29        1       1
                cstackBANK0                          60       60       74       60       1
                bssCOMRAM                            2A       2A        4        1       1
                cinit                              295A     295A       1A      817       0
                nvCOMRAM                             2E       2E        2        1       1

TOTAL           Name                               Link     Load   Length     Space
        CLASS   STACK          

        CLASS   CODE           
                init                                 1A       1A        4         0
                reset_vec                             0        0        6         0
                ivt0x8                                8        8       12         0
                text30                             29E6     29E6        2         0
                text29                             29C0     29C0        E         0
                text28                             2918     2918       22         0
                text27                             29A0     29A0       12         0
                text26                             244E     244E       BA         0
                text25                             25BC     25BC       B0         0
                text24                             2850     2850       52         0
                text23                             29E0     29E0        6         0
                text22                             293A     293A       20         0
                text21                             266C     266C       90         0
                text20                             29B2     29B2        E         0
                text19                             28A2     28A2       2E         0
                text18                             298E     298E       12         0
                text17                             2974     2974       1A         0
                text16                             2508     2508       B4         0
                text15                             1F70     1F70      156         0
                text14                             20C6     20C6      14E         0
                text13                             29DA     29DA        6         0
                text12                             29D4     29D4        6         0
                text11                             27E4     27E4       6C         0
                text10                             2340     2340      10E         0
                text9                              2214     2214      12C         0
                text8                              2778     2778       6C         0
                text7                              28F6     28F6       22         0
                text6                              29CE     29CE        6         0
                text5                              28D0     28D0       26         0
                text4                              19DA     19DA      380         0
                text3                              1D5A     1D5A      216         0
                text2                              102E     102E      5E6         0
                text1                              26FC     26FC       7C         0
                text0                              1614     1614      3C6         0
                cinit                              295A     295A       1A         0

        CLASS   CONST          

        CLASS   SMALLCONST     
                smallconst                         1000     1000       2E         0

        CLASS   MEDIUMCONST    

        CLASS   COMRAM         
                cstackCOMRAM                          1        1       29         1
                bssCOMRAM                            2A       2A        4         1
                nvCOMRAM                             2E       2E        2         1

        CLASS   ABS1           

        CLASS   BIGRAM         

        CLASS   RAM            

        CLASS   BANK0          
                cstackBANK0                          60       60       74         1

        CLASS   BANK1          

        CLASS   BANK2          

        CLASS   BANK3          

        CLASS   BANK4          

        CLASS   BANK5          

        CLASS   BANK6          

        CLASS   BANK7          

        CLASS   BANK8          

        CLASS   BANK9          

        CLASS   BANK10         

        CLASS   BANK11         

        CLASS   BANK12         

        CLASS   BANK13         

        CLASS   BANK14         

        CLASS   BANK15         

        CLASS   SFR            

        CLASS   FARRAM         

        CLASS   CONFIG         
                config                           300000   300000        A         0

        CLASS   IDLOC          
                idloc                            200000   200000       10         0

        CLASS   EEDATA         



SEGMENTS        Name                           Load    Length   Top    Selector   Space  Class

                reset_vec                      000000  000006  000006         0       0  CODE    
                cstackCOMRAM                   000001  00002F  000030         1       1  COMRAM  
                ivt0x8                         000008  000016  00001E         4       0  CODE    
                cstackBANK0                    000060  000074  0000D4        60       1  BANK0   
                smallconst                     001000  00002E  00102E       800       0  SMALLCON
                text2                          00102E  0019BA  0029E8       817       0  CODE    
                idloc                          200000  000010  200010    200000       0  IDLOC   
                config                         300000  00000A  30000A    300000       0  CONFIG  


UNUSED ADDRESS RANGES

        Name                Unused          Largest block    Delta
        BANK0            0000D4-0000FF               2C
        BANK1            000100-0001FF              100
        BANK10           000A00-000AFF              100
        BANK11           000B00-000BFF              100
        BANK12           000C00-000CFF              100
        BANK13           000D00-000DFF              100
        BANK14           000E00-000EFF              100
        BANK15           000F00-000FFF              100
        BANK2            000200-0002FF              100
        BANK3            000300-0003FF              100
        BANK4            000400-0004FF              100
        BANK5            000500-0005FF              100
        BANK6            000600-0006FF              100
        BANK7            000700-0007FF              100
        BANK8            000800-0008FF              100
        BANK9            000900-0009FF              100
        BIGRAM           000030-00005F               30
                         0000D4-000FFF              F2C
        CODE             000006-000007                2
                         00001E-000FFF              FE2
                         0029E8-00FFFF             D618
        COMRAM           000030-00005F               30
        CONST            000006-000007                2
                         00001E-000FFF              FE2
                         0029E8-00FFFF             D618
        EEDATA           310000-3103FF              400
        MEDIUMCONST      0029E8-00FFFF             D618
        RAM              0000D4-000FFF              100
        SFR              003800-003FFF              100
        SMALLCONST       0029E8-00FFFF              100
        STACK            0000D4-000FFF              F2C

                                  Symbol Table

?_GetCurrentTime                          cstackCOMRAM 000001
?_GunPortInit                             cstackCOMRAM 000001
?_GunPortInit_                            cstackCOMRAM 000001
?_RabbitLightsInit                        cstackCOMRAM 000001
?_newStrobe                               cstackCOMRAM 000001
GunPortInit@GLED                          cstackCOMRAM 000009
GunPortInit@IP                            cstackCOMRAM 000003
GunPortInit@OP                            cstackCOMRAM 000001
GunPortInit@TIP                           cstackCOMRAM 000007
GunPortInit@TLED                          cstackCOMRAM 00000A
GunPortInit@TP                            cstackCOMRAM 000005
GunPortInit@gp                            cstackCOMRAM 000014
GunPortInit_@GLED                         cstackCOMRAM 000005
GunPortInit_@IP                           cstackCOMRAM 000003
GunPortInit_@OP                           cstackCOMRAM 000001
GunPortInit_@TLED                         cstackCOMRAM 000006
GunPortInit_@gp                           cstackCOMRAM 000017
IVTBASEH                                  (abs)        003FD6
IVTBASEL                                  (abs)        003FD5
IVTBASEU                                  (abs)        003FD7
RabbitLightsInit@IP                       cstackCOMRAM 000003
RabbitLightsInit@OP                       cstackCOMRAM 000001
RabbitLightsInit@SLED                     cstackCOMRAM 000005
RabbitLightsInit@num                      cstackCOMRAM 000006
RabbitLightsInit@rp                       cstackCOMRAM 00000E
StartGunFirePattern@gp                    cstackCOMRAM 000007
StartRabbitLights@Mask                    cstackCOMRAM 000010
StartRabbitLights@i                       cstackCOMRAM 00000F
StartRabbitLights@rp                      cstackCOMRAM 000005
StartStrobe@SLED                          cstackCOMRAM 000007
StartSyncStrobes@SLED_A                   cstackCOMRAM 000011
StartSyncStrobes@SLED_B                   cstackCOMRAM 000013
StartSyncStrobes@delay                    cstackCOMRAM 000015
StopGunFirePattern@gp                     cstackCOMRAM 000001
StopRabbitLights@rp                       cstackCOMRAM 000001
StopStrobe@SLED                           cstackCOMRAM 000001
StopSyncStrobes@SLED_A                    cstackCOMRAM 000007
StopSyncStrobes@SLED_B                    cstackCOMRAM 000009
TMR0_SetInterruptHandler@InterruptHandler cstackCOMRAM 000001
UpdateGunLED@gp                           cstackCOMRAM 000005
UpdateRabbitLEDs@Mask                     cstackCOMRAM 00000D
UpdateRabbitLEDs@buffer                   cstackCOMRAM 00000B
UpdateRabbitLEDs@i                        cstackCOMRAM 00000C
UpdateRabbitLEDs@rp                       cstackCOMRAM 000005
UpdateStrobeLED@SLED                      cstackCOMRAM 000005
_AC_STROBE_DELAY_MS                       smallconst   001009
_ANSELA                                   (abs)        003A40
_ANSELB                                   (abs)        003A50
_ANSELC                                   (abs)        003A60
_ANSELD                                   (abs)        003A70
_ANSELE                                   (abs)        003A80
_GEN_STROBE_OFF_TIME_MS                   smallconst   00100D
_GEN_STROBE_ON_TIME_MS                    smallconst   001011
_GUN_OFF_TIME_MS                          smallconst   001021
_GUN_ON_TIME_MS                           smallconst   001025
_GUN_SPACE_TIME_MS                        smallconst   00101D
_GetCurrentTime                           text17       002974
_GunPortInit                              text26       00244E
_GunPortInit_                             text25       0025BC
_INTCON0bits                              (abs)        003FD2
_INTERRUPT_Initialize                     text23       0029E0
_INTERRUPT_InterruptManager               text27       0029A0
_LATA                                     (abs)        003FBA
_LATB                                     (abs)        003FBB
_LATC                                     (abs)        003FBC
_LATD                                     (abs)        003FBD
_LATE                                     (abs)        003FBE
_ODCONA                                   (abs)        003A42
_ODCONB                                   (abs)        003A52
_ODCONC                                   (abs)        003A62
_ODCOND                                   (abs)        003A72
_ODCONE                                   (abs)        003A82
_OSCCON1                                  (abs)        0039D9
_OSCCON3                                  (abs)        0039DB
_OSCEN                                    (abs)        0039DD
_OSCFRQ                                   (abs)        0039DF
_OSCILLATOR_Initialize                    text22       00293A
_OSCTUNE                                  (abs)        0039DE
_PIE3bits                                 (abs)        003993
_PIN_MANAGER_Initialize                   text21       00266C
_PIR3bits                                 (abs)        0039A3
_PORTA                                    (abs)        003FCA
_PORTB                                    (abs)        003FCB
_PORTC                                    (abs)        003FCC
_PORTD                                    (abs)        003FCD
_RABBIT_OFF_TIME_MS                       smallconst   001001
_RABBIT_ON_TIME_MS                        smallconst   001005
_RabbitLightsInit                         text24       002850
_STROBE1_PIN                              smallconst   00102A
_STROBE2_PIN                              smallconst   001029
_STROBE_OFF_TIME_MS                       smallconst   001015
_STROBE_ON_TIME_MS                        smallconst   001019
_SYSTEM_Initialize                        text18       00298E
_StartGunFirePattern                      text15       001F70
_StartRabbitLights                        text14       0020C6
_StartStopWatch                           text12       0029D4
_StartStrobe                              text10       002340
_StartSyncStrobes                         text9        002214
_StopGunFirePattern                       text16       002508
_StopRabbitLights                         text8        002778
_StopStrobe                               text11       0027E4
_StopSyncStrobes                          text7        0028F6
_StopWatchISR                             text29       0029C0
_StopWatch_Initialize                     text5        0028D0
_T0CON0                                   (abs)        003FB8
_T0CON0bits                               (abs)        003FB8
_T0CON1                                   (abs)        003FB9
_TMR0H                                    (abs)        003FB7
_TMR0L                                    (abs)        003FB6
_TMR0_DefaultInterruptHandler             text30       0029E6
_TMR0_ISR                                 text28       002918
_TMR0_Initialize                          text19       0028A2
_TMR0_InterruptHandler                    nvCOMRAM     00002E
_TMR0_SetInterruptHandler                 text20       0029B2
_TMR0_StartTimer                          text13       0029DA
_TMR0_StopTimer                           text6        0029CE
_TRIGGER1_PIN                             smallconst   00102C
_TRIGGER2_PIN                             smallconst   00102B
_TRISA                                    (abs)        003FC2
_TRISB                                    (abs)        003FC3
_TRISC                                    (abs)        003FC4
_TRISD                                    (abs)        003FC5
_TRISE                                    (abs)        003FC6
_UpdateGunLED                             text4        0019DA
_UpdateRabbitLEDs                         text3        001D5A
_UpdateStrobeLED                          text2        00102E
_WPUA                                     (abs)        003A41
_WPUB                                     (abs)        003A51
_WPUC                                     (abs)        003A61
_WPUD                                     (abs)        003A71
_WPUE                                     (abs)        003A81
__CFG_BBEN$OFF                            (abs)        000000
__CFG_BBSIZE$BBSIZE_512                   (abs)        000000
__CFG_BOREN$SBORDIS                       (abs)        000000
__CFG_BORV$VBOR_2P45                      (abs)        000000
__CFG_CLKOUTEN$OFF                        (abs)        000000
__CFG_CP$OFF                              (abs)        000000
__CFG_CSWEN$ON                            (abs)        000000
__CFG_DEBUG$OFF                           (abs)        000000
__CFG_FCMEN$ON                            (abs)        000000
__CFG_FEXTOSC$OFF                         (abs)        000000
__CFG_IVT1WAY$ON                          (abs)        000000
__CFG_LPBOREN$OFF                         (abs)        000000
__CFG_LVP$ON                              (abs)        000000
__CFG_MCLRE$EXTMCLR                       (abs)        000000
__CFG_MVECEN$OFF                          (abs)        000000
__CFG_PPS1WAY$ON                          (abs)        000000
__CFG_PR1WAY$ON                           (abs)        000000
__CFG_PWRTS$PWRT_OFF                      (abs)        000000
__CFG_RSTOSC$HFINTOSC_64MHZ               (abs)        000000
__CFG_SAFEN$OFF                           (abs)        000000
__CFG_STVREN$ON                           (abs)        000000
__CFG_WDTCCS$SC                           (abs)        000000
__CFG_WDTCPS$WDTCPS_31                    (abs)        000000
__CFG_WDTCWS$WDTCWS_7                     (abs)        000000
__CFG_WDTE$OFF                            (abs)        000000
__CFG_WRTAPP$OFF                          (abs)        000000
__CFG_WRTB$OFF                            (abs)        000000
__CFG_WRTC$OFF                            (abs)        000000
__CFG_WRTD$OFF                            (abs)        000000
__CFG_WRTSAF$OFF                          (abs)        000000
__CFG_XINST$OFF                           (abs)        000000
__CFG_ZCD$OFF                             (abs)        000000
__HRAM                                    (abs)        000000
__Habs1                                   abs1         000000
__Hbank0                                  bank0        000000
__Hbank1                                  bank1        000000
__Hbank10                                 bank10       000000
__Hbank11                                 bank11       000000
__Hbank12                                 bank12       000000
__Hbank13                                 bank13       000000
__Hbank14                                 bank14       000000
__Hbank15                                 bank15       000000
__Hbank2                                  bank2        000000
__Hbank3                                  bank3        000000
__Hbank4                                  bank4        000000
__Hbank5                                  bank5        000000
__Hbank6                                  bank6        000000
__Hbank7                                  bank7        000000
__Hbank8                                  bank8        000000
__Hbank9                                  bank9        000000
__Hbigbss                                 bigbss       000000
__Hbigdata                                bigdata      000000
__Hbigram                                 bigram       000000
__Hbss                                    bss          000000
__HbssCOMRAM                              bssCOMRAM    000000
__Hcinit                                  cinit        000000
__Hclrtext                                clrtext      000000
__Hcomram                                 comram       000000
__Hconfig                                 config       30000A
__Hconst                                  const        000000
__HcstackBANK0                            cstackBANK0  000000
__HcstackCOMRAM                           cstackCOMRAM 000000
__Hdata                                   data         000000
__Heeprom_data                            eeprom_data  000000
__Hfarbss                                 farbss       000000
__Hfardata                                fardata      000000
__Hibigdata                               ibigdata     000000
__Hidata                                  idata        000000
__Hidloc                                  idloc        200010
__Hifardata                               ifardata     000000
__Hinit                                   init         00001E
__Hintsave_regs                           intsave_regs 000000
__Hirdata                                 irdata       000000
__Hivt0x8                                 ivt0x8       00001A
__Hmediumconst                            mediumconst  000000
__HnvCOMRAM                               nvCOMRAM     000000
__HnvFARRAM                               nvFARRAM     000000
__Hnvbit                                  nvbit        000000
__Hnvrram                                 nvrram       000000
__Hparam                                  rparam       000000
__Hpowerup                                powerup      000000
__Hram                                    ram          000000
__Hramtop                                 ramtop       001000
__Hrbit                                   rbit         000000
__Hrbss                                   rbss         000000
__Hrdata                                  rdata        000000
__Hreset_vec                              reset_vec    000006
__Hrparam                                 rparam       000000
__Hsfr                                    sfr          000000
__Hsmallconst                             smallconst   00102E
__Hspace_0                                (abs)        30000A
__Hspace_1                                (abs)        0000D4
__Hspace_2                                (abs)        000000
__Hstack                                  stack        000000
__Hstruct                                 struct       000000
__Htemp                                   temp         000000
__Htext                                   text         000000
__Htext0                                  text0        000000
__Htext1                                  text1        000000
__Htext10                                 text10       000000
__Htext11                                 text11       000000
__Htext12                                 text12       000000
__Htext13                                 text13       000000
__Htext14                                 text14       000000
__Htext15                                 text15       000000
__Htext16                                 text16       000000
__Htext17                                 text17       000000
__Htext18                                 text18       000000
__Htext19                                 text19       000000
__Htext2                                  text2        000000
__Htext20                                 text20       000000
__Htext21                                 text21       000000
__Htext22                                 text22       000000
__Htext23                                 text23       000000
__Htext24                                 text24       000000
__Htext25                                 text25       000000
__Htext26                                 text26       000000
__Htext27                                 text27       000000
__Htext28                                 text28       000000
__Htext29                                 text29       000000
__Htext3                                  text3        000000
__Htext30                                 text30       000000
__Htext31                                 text31       000000
__Htext4                                  text4        000000
__Htext5                                  text5        000000
__Htext6                                  text6        000000
__Htext7                                  text7        000000
__Htext8                                  text8        000000
__Htext9                                  text9        000000
__LRAM                                    (abs)        000001
__Labs1                                   abs1         000000
__Lbank0                                  bank0        000000
__Lbank1                                  bank1        000000
__Lbank10                                 bank10       000000
__Lbank11                                 bank11       000000
__Lbank12                                 bank12       000000
__Lbank13                                 bank13       000000
__Lbank14                                 bank14       000000
__Lbank15                                 bank15       000000
__Lbank2                                  bank2        000000
__Lbank3                                  bank3        000000
__Lbank4                                  bank4        000000
__Lbank5                                  bank5        000000
__Lbank6                                  bank6        000000
__Lbank7                                  bank7        000000
__Lbank8                                  bank8        000000
__Lbank9                                  bank9        000000
__Lbigbss                                 bigbss       000000
__Lbigdata                                bigdata      000000
__Lbigram                                 bigram       000000
__Lbss                                    bss          000000
__LbssCOMRAM                              bssCOMRAM    000000
__Lcinit                                  cinit        000000
__Lclrtext                                clrtext      000000
__Lcomram                                 comram       000000
__Lconfig                                 config       300000
__Lconst                                  const        000000
__LcstackBANK0                            cstackBANK0  000000
__LcstackCOMRAM                           cstackCOMRAM 000000
__Ldata                                   data         000000
__Leeprom_data                            eeprom_data  000000
__Lfarbss                                 farbss       000000
__Lfardata                                fardata      000000
__Libigdata                               ibigdata     000000
__Lidata                                  idata        000000
__Lidloc                                  idloc        200000
__Lifardata                               ifardata     000000
__Linit                                   init         00001A
__Lintsave_regs                           intsave_regs 000000
__Lirdata                                 irdata       000000
__Livt0x8                                 ivt0x8       000008
__Lmediumconst                            mediumconst  000000
__LnvCOMRAM                               nvCOMRAM     000000
__LnvFARRAM                               nvFARRAM     000000
__Lnvbit                                  nvbit        000000
__Lnvrram                                 nvrram       000000
__Lparam                                  rparam       000000
__Lpowerup                                powerup      000000
__Lram                                    ram          000000
__Lramtop                                 ramtop       001000
__Lrbit                                   rbit         000000
__Lrbss                                   rbss         000000
__Lrdata                                  rdata        000000
__Lreset_vec                              reset_vec    000000
__Lrparam                                 rparam       000000
__Lsfr                                    sfr          000000
__Lsmallconst                             smallconst   001000
__Lspace_0                                (abs)        000000
__Lspace_1                                (abs)        000000
__Lspace_2                                (abs)        000000
__Lstack                                  stack        000000
__Lstruct                                 struct       000000
__Ltemp                                   temp         000000
__Ltext                                   text         000000
__Ltext0                                  text0        000000
__Ltext1                                  text1        000000
__Ltext10                                 text10       000000
__Ltext11                                 text11       000000
__Ltext12                                 text12       000000
__Ltext13                                 text13       000000
__Ltext14                                 text14       000000
__Ltext15                                 text15       000000
__Ltext16                                 text16       000000
__Ltext17                                 text17       000000
__Ltext18                                 text18       000000
__Ltext19                                 text19       000000
__Ltext2                                  text2        000000
__Ltext20                                 text20       000000
__Ltext21                                 text21       000000
__Ltext22                                 text22       000000
__Ltext23                                 text23       000000
__Ltext24                                 text24       000000
__Ltext25                                 text25       000000
__Ltext26                                 text26       000000
__Ltext27                                 text27       000000
__Ltext28                                 text28       000000
__Ltext29                                 text29       000000
__Ltext3                                  text3        000000
__Ltext30                                 text30       000000
__Ltext31                                 text31       000000
__Ltext4                                  text4        000000
__Ltext5                                  text5        000000
__Ltext6                                  text6        000000
__Ltext7                                  text7        000000
__Ltext8                                  text8        000000
__Ltext9                                  text9        000000
__S0                                      (abs)        30000A
__S1                                      (abs)        0000D4
__S2                                      (abs)        000000
___inthi_sp                               stack        000000
___intlo_sp                               stack        000000
___param_bank                             (abs)        000000
___rparam_used                            (abs)        000001
___sp                                     stack        000000
__accesstop                               (abs)        000060
__activetblptr                            (abs)        000003
__end_of_AC_STROBE_DELAY_MS               smallconst   00100D
__end_of_GEN_STROBE_OFF_TIME_MS           smallconst   001011
__end_of_GEN_STROBE_ON_TIME_MS            smallconst   001015
__end_of_GUN_OFF_TIME_MS                  smallconst   001025
__end_of_GUN_ON_TIME_MS                   smallconst   001029
__end_of_GUN_SPACE_TIME_MS                smallconst   001021
__end_of_GetCurrentTime                   text17       00298E
__end_of_GunPortInit                      text26       002508
__end_of_GunPortInit_                     text25       00266C
__end_of_INTERRUPT_Initialize             text23       0029E6
__end_of_INTERRUPT_InterruptManager       text27       0029B2
__end_of_OSCILLATOR_Initialize            text22       00295A
__end_of_PIN_MANAGER_Initialize           text21       0026FC
__end_of_RABBIT_OFF_TIME_MS               smallconst   001005
__end_of_RABBIT_ON_TIME_MS                smallconst   001009
__end_of_RabbitLightsInit                 text24       0028A2
__end_of_STROBE1_PIN                      smallconst   00102B
__end_of_STROBE2_PIN                      smallconst   00102A
__end_of_STROBE_OFF_TIME_MS               smallconst   001019
__end_of_STROBE_ON_TIME_MS                smallconst   00101D
__end_of_SYSTEM_Initialize                text18       0029A0
__end_of_StartGunFirePattern              text15       0020C6
__end_of_StartRabbitLights                text14       002214
__end_of_StartStopWatch                   text12       0029DA
__end_of_StartStrobe                      text10       00244E
__end_of_StartSyncStrobes                 text9        002340
__end_of_StopGunFirePattern               text16       0025BC
__end_of_StopRabbitLights                 text8        0027E4
__end_of_StopStrobe                       text11       002850
__end_of_StopSyncStrobes                  text7        002918
__end_of_StopWatchISR                     text29       0029CE
__end_of_StopWatch_Initialize             text5        0028F6
__end_of_TMR0_DefaultInterruptHandler     text30       0029E8
__end_of_TMR0_ISR                         text28       00293A
__end_of_TMR0_Initialize                  text19       0028D0
__end_of_TMR0_SetInterruptHandler         text20       0029C0
__end_of_TMR0_StartTimer                  text13       0029E0
__end_of_TMR0_StopTimer                   text6        0029D4
__end_of_TRIGGER1_PIN                     smallconst   00102D
__end_of_TRIGGER2_PIN                     smallconst   00102C
__end_of_UpdateGunLED                     text4        001D5A
__end_of_UpdateRabbitLEDs                 text3        001F70
__end_of_UpdateStrobeLED                  text2        001614
__end_of__initialization                  cinit        00296E
__end_of_main                             text0        0019DA
__end_of_newStrobe                        text1        002778
__initialization                          cinit        00295A
__mediumconst                             mediumconst  000000
__pbssCOMRAM                              bssCOMRAM    00002A
__pcinit                                  cinit        00295A
__pcstackBANK0                            cstackBANK0  000060
__pcstackCOMRAM                           cstackCOMRAM 000001
__pivt0x8                                 ivt0x8       000008
__pnvCOMRAM                               nvCOMRAM     00002E
__psmallconst                             smallconst   001000
__ptext0                                  text0        001614
__ptext1                                  text1        0026FC
__ptext10                                 text10       002340
__ptext11                                 text11       0027E4
__ptext12                                 text12       0029D4
__ptext13                                 text13       0029DA
__ptext14                                 text14       0020C6
__ptext15                                 text15       001F70
__ptext16                                 text16       002508
__ptext17                                 text17       002974
__ptext18                                 text18       00298E
__ptext19                                 text19       0028A2
__ptext2                                  text2        00102E
__ptext20                                 text20       0029B2
__ptext21                                 text21       00266C
__ptext22                                 text22       00293A
__ptext23                                 text23       0029E0
__ptext24                                 text24       002850
__ptext25                                 text25       0025BC
__ptext26                                 text26       00244E
__ptext27                                 text27       0029A0
__ptext28                                 text28       002918
__ptext29                                 text29       0029C0
__ptext3                                  text3        001D5A
__ptext30                                 text30       0029E6
__ptext31                                 text31       000000
__ptext4                                  text4        0019DA
__ptext5                                  text5        0028D0
__ptext6                                  text6        0029CE
__ptext7                                  text7        0028F6
__ptext8                                  text8        002778
__ptext9                                  text9        002214
__ramtop                                  ramtop       001000
__size_of_GetCurrentTime                  (abs)        000000
__size_of_GunPortInit                     (abs)        000000
__size_of_GunPortInit_                    (abs)        000000
__size_of_INTERRUPT_Initialize            (abs)        000000
__size_of_INTERRUPT_InterruptManager      (abs)        000000
__size_of_OSCILLATOR_Initialize           (abs)        000000
__size_of_PIN_MANAGER_Initialize          (abs)        000000
__size_of_RabbitLightsInit                (abs)        000000
__size_of_SYSTEM_Initialize               (abs)        000000
__size_of_StartGunFirePattern             (abs)        000000
__size_of_StartRabbitLights               (abs)        000000
__size_of_StartStopWatch                  (abs)        000000
__size_of_StartStrobe                     (abs)        000000
__size_of_StartSyncStrobes                (abs)        000000
__size_of_StopGunFirePattern              (abs)        000000
__size_of_StopRabbitLights                (abs)        000000
__size_of_StopStrobe                      (abs)        000000
__size_of_StopSyncStrobes                 (abs)        000000
__size_of_StopWatchISR                    (abs)        000000
__size_of_StopWatch_Initialize            (abs)        000000
__size_of_TMR0_DefaultInterruptHandler    (abs)        000000
__size_of_TMR0_ISR                        (abs)        000000
__size_of_TMR0_Initialize                 (abs)        000000
__size_of_TMR0_SetInterruptHandler        (abs)        000000
__size_of_TMR0_StartTimer                 (abs)        000000
__size_of_TMR0_StopTimer                  (abs)        000000
__size_of_UpdateGunLED                    (abs)        000000
__size_of_UpdateRabbitLEDs                (abs)        000000
__size_of_UpdateStrobeLED                 (abs)        000000
__size_of_main                            (abs)        000000
__size_of_newStrobe                       (abs)        000000
__smallconst                              smallconst   001000
_globalTime                               bssCOMRAM    00002A
_main                                     text0        001614
_newStrobe                                text1        0026FC
end_of_initialization                     cinit        00296E
intlevel0                                 text         000000
intlevel1                                 text         000000
intlevel2                                 text         000000
intlevel3                                 text         000000
ivt0x8_base                               ivt0x8       000008
main@ACStrobe                             cstackBANK0  0000AD
main@EFStrobe                             cstackBANK0  0000C7
main@GStrobe                              cstackBANK0  0000A0
main@GenStrobe                            cstackBANK0  0000BA
main@Gun1                                 cstackBANK0  00006D
main@Gun2                                 cstackBANK0  00007E
main@Gun3                                 cstackBANK0  00008F
main@Rabbit                               cstackBANK0  000060
newStrobe@IP                              cstackCOMRAM 000003
newStrobe@OP                              cstackCOMRAM 000001
newStrobe@Strobe                          cstackCOMRAM 000010
newStrobe@sLED                            cstackCOMRAM 000005
newStrobe@t                               cstackCOMRAM 000006
stackhi                                   (abs)        000FFF
stacklo                                   (abs)        0000D4
start                                     init         00001A
start_initialization                      cinit        00295A


FUNCTION INFORMATION:

 *************** function _main *****************
 Defined at:
		line 56 in file "main.c"
 Parameters:    Size  Location     Type
		None
 Auto vars:     Size  Location     Type
  Gun3           17   47[BANK0 ] struct GunPort
  Gun2           17   30[BANK0 ] struct GunPort
  Gun1           17   13[BANK0 ] struct GunPort
  EFStrobe       13  103[BANK0 ] struct StrobeLED
  GenStrobe      13   90[BANK0 ] struct StrobeLED
  ACStrobe       13   77[BANK0 ] struct StrobeLED
  GStrobe        13   64[BANK0 ] struct StrobeLED
  Rabbit         13    0[BANK0 ] struct RabbitPort
 Return value:  Size  Location     Type
                  1    wreg      void 
 Registers used:
		wreg, fsr0l, fsr0h, fsr1l, fsr1h, fsr2l, fsr2h, status,2, status,0, tblptrl, tblptrh, tblptru, cstack
 Tracked objects:
		On entry : 
		On exit  : 
		Unchanged: 
 Data sizes:     COMRAM   BANK0   BANK1   BANK2   BANK3   BANK4   BANK5   BANK6   BANK7   BANK8   BANK9  BANK10  BANK11  BANK12  BANK13  BANK14  BANK15
      Params:         0       0       0       0       0       0       0       0       0       0       0       0       0       0       0       0       0
      Locals:         0     116       0       0       0       0       0       0       0       0       0       0       0       0       0       0       0
      Temps:          2       0       0       0       0       0       0       0       0       0       0       0       0       0       0       0       0
      Totals:         2     116       0       0       0       0       0       0       0       0       0       0       0       0       0       0       0
Total ram usage:      118 bytes
 Hardware stack levels required when called:    6
 This function calls:
		_GunPortInit
		_GunPortInit_
		_RabbitLightsInit
		_SYSTEM_Initialize
		_StartGunFirePattern
		_StartRabbitLights
		_StartStopWatch
		_StartStrobe
		_StartSyncStrobes
		_StopGunFirePattern
		_StopRabbitLights
		_StopStrobe
		_StopSyncStrobes
		_StopWatch_Initialize
		_UpdateGunLED
		_UpdateRabbitLEDs
		_UpdateStrobeLED
		_newStrobe
 This function is called by:
		Startup code after reset
 This function uses a non-reentrant model


 *************** function _newStrobe *****************
 Defined at:
		line 301 in file "LED_Patterns.c"
 Parameters:    Size  Location     Type
  OP              2    0[COMRAM] PTR  unsigned char 
		 -> LATC(1), 
  IP              2    2[COMRAM] PTR  unsigned char 
		 -> PORTC(1), 
  sLED            1    4[COMRAM] const unsigned char 
  t               1    5[COMRAM] const enum E19379
 Auto vars:     Size  Location     Type
  Strobe         13   15[COMRAM] struct StrobeLED
 Return value:  Size  Location     Type
                  13    0[COMRAM] struct StrobeLED
 Registers used:
		wreg, fsr0l, fsr0h, fsr2l, fsr2h, status,2, status,0
 Tracked objects:
		On entry : 
		On exit  : 
		Unchanged: 
 Data sizes:     COMRAM   BANK0   BANK1   BANK2   BANK3   BANK4   BANK5   BANK6   BANK7   BANK8   BANK9  BANK10  BANK11  BANK12  BANK13  BANK14  BANK15
      Params:        13       0       0       0       0       0       0       0       0       0       0       0       0       0       0       0       0
      Locals:        13       0       0       0       0       0       0       0       0       0       0       0       0       0       0       0       0
      Temps:          2       0       0       0       0       0       0       0       0       0       0       0       0       0       0       0       0
      Totals:        28       0       0       0       0       0       0       0       0       0       0       0       0       0       0       0       0
Total ram usage:       28 bytes
 Hardware stack levels used:    1
 Hardware stack levels required when called:    3
 This function calls:
		Nothing
 This function is called by:
		_main
 This function uses a non-reentrant model


 *************** function _UpdateStrobeLED *****************
 Defined at:
		line 210 in file "LED_Patterns.c"
 Parameters:    Size  Location     Type
  SLED            2    4[COMRAM] PTR struct StrobeLED
		 -> main@GenStrobe(13), main@ACStrobe(13), main@GStrobe(13), main@EFStrobe(13), 
 Auto vars:     Size  Location     Type
		None
 Return value:  Size  Location     Type
                  1    wreg      void 
 Registers used:
		wreg, fsr1l, fsr1h, fsr2l, fsr2h, status,2, status,0, tblptrl, tblptrh, tblptru, cstack
 Tracked objects:
		On entry : 
		On exit  : 
		Unchanged: 
 Data sizes:     COMRAM   BANK0   BANK1   BANK2   BANK3   BANK4   BANK5   BANK6   BANK7   BANK8   BANK9  BANK10  BANK11  BANK12  BANK13  BANK14  BANK15
      Params:         2       0       0       0       0       0       0       0       0       0       0       0       0       0       0       0       0
      Locals:         0       0       0       0       0       0       0       0       0       0       0       0       0       0       0       0       0
      Temps:         12       0       0       0       0       0       0       0       0       0       0       0       0       0       0       0       0
      Totals:        14       0       0       0       0       0       0       0       0       0       0       0       0       0       0       0       0
Total ram usage:       14 bytes
 Hardware stack levels used:    1
 Hardware stack levels required when called:    4
 This function calls:
		_GetCurrentTime
 This function is called by:
		_main
 This function uses a non-reentrant model


 *************** function _UpdateRabbitLEDs *****************
 Defined at:
		line 355 in file "LED_Patterns.c"
 Parameters:    Size  Location     Type
  rp              2    4[COMRAM] PTR struct RabbitPort
		 -> main@Rabbit(13), 
 Auto vars:     Size  Location     Type
  i               1   11[COMRAM] unsigned char 
  Mask            1   12[COMRAM] unsigned char 
  buffer          1   10[COMRAM] unsigned char 
 Return value:  Size  Location     Type
                  1    wreg      void 
 Registers used:
		wreg, fsr1l, fsr1h, fsr2l, fsr2h, status,2, status,0, tblptrl, tblptrh, tblptru, cstack
 Tracked objects:
		On entry : 
		On exit  : 
		Unchanged: 
 Data sizes:     COMRAM   BANK0   BANK1   BANK2   BANK3   BANK4   BANK5   BANK6   BANK7   BANK8   BANK9  BANK10  BANK11  BANK12  BANK13  BANK14  BANK15
      Params:         2       0       0       0       0       0       0       0       0       0       0       0       0       0       0       0       0
      Locals:         3       0       0       0       0       0       0       0       0       0       0       0       0       0       0       0       0
      Temps:          4       0       0       0       0       0       0       0       0       0       0       0       0       0       0       0       0
      Totals:         9       0       0       0       0       0       0       0       0       0       0       0       0       0       0       0       0
Total ram usage:        9 bytes
 Hardware stack levels used:    1
 Hardware stack levels required when called:    4
 This function calls:
		_GetCurrentTime
 This function is called by:
		_main
 This function uses a non-reentrant model


 *************** function _UpdateGunLED *****************
 Defined at:
		line 89 in file "LED_Patterns.c"
 Parameters:    Size  Location     Type
  gp              2    4[COMRAM] PTR struct GunPort
		 -> main@Gun3(17), main@Gun2(17), main@Gun1(17), 
 Auto vars:     Size  Location     Type
		None
 Return value:  Size  Location     Type
                  1    wreg      void 
 Registers used:
		wreg, fsr1l, fsr1h, fsr2l, fsr2h, status,2, status,0, tblptrl, tblptrh, tblptru, cstack
 Tracked objects:
		On entry : 
		On exit  : 
		Unchanged: 
 Data sizes:     COMRAM   BANK0   BANK1   BANK2   BANK3   BANK4   BANK5   BANK6   BANK7   BANK8   BANK9  BANK10  BANK11  BANK12  BANK13  BANK14  BANK15
      Params:         2       0       0       0       0       0       0       0       0       0       0       0       0       0       0       0       0
      Locals:         0       0       0       0       0       0       0       0       0       0       0       0       0       0       0       0       0
      Temps:          5       0       0       0       0       0       0       0       0       0       0       0       0       0       0       0       0
      Totals:         7       0       0       0       0       0       0       0       0       0       0       0       0       0       0       0       0
Total ram usage:        7 bytes
 Hardware stack levels used:    1
 Hardware stack levels required when called:    4
 This function calls:
		_GetCurrentTime
 This function is called by:
		_main
 This function uses a non-reentrant model


 *************** function _StopWatch_Initialize *****************
 Defined at:
		line 12 in file "stop_watch.c"
 Parameters:    Size  Location     Type
		None
 Auto vars:     Size  Location     Type
		None
 Return value:  Size  Location     Type
                  1    wreg      void 
 Registers used:
		wreg, status,2, status,0, cstack
 Tracked objects:
		On entry : 
		On exit  : 
		Unchanged: 
 Data sizes:     COMRAM   BANK0   BANK1   BANK2   BANK3   BANK4   BANK5   BANK6   BANK7   BANK8   BANK9  BANK10  BANK11  BANK12  BANK13  BANK14  BANK15
      Params:         0       0       0       0       0       0       0       0       0       0       0       0       0       0       0       0       0
      Locals:         0       0       0       0       0       0       0       0       0       0       0       0       0       0       0       0       0
      Temps:          0       0       0       0       0       0       0       0       0       0       0       0       0       0       0       0       0
      Totals:         0       0       0       0       0       0       0       0       0       0       0       0       0       0       0       0       0
Total ram usage:        0 bytes
 Hardware stack levels used:    1
 Hardware stack levels required when called:    5
 This function calls:
		_TMR0_Initialize
		_TMR0_SetInterruptHandler
		_TMR0_StopTimer
 This function is called by:
		_main
 This function uses a non-reentrant model


 *************** function _TMR0_StopTimer *****************
 Defined at:
		line 92 in file "mcc_generated_files/tmr0.c"
 Parameters:    Size  Location     Type
		None
 Auto vars:     Size  Location     Type
		None
 Return value:  Size  Location     Type
                  1    wreg      void 
 Registers used:
		None
 Tracked objects:
		On entry : 
		On exit  : 
		Unchanged: 
 Data sizes:     COMRAM   BANK0   BANK1   BANK2   BANK3   BANK4   BANK5   BANK6   BANK7   BANK8   BANK9  BANK10  BANK11  BANK12  BANK13  BANK14  BANK15
      Params:         0       0       0       0       0       0       0       0       0       0       0       0       0       0       0       0       0
      Locals:         0       0       0       0       0       0       0       0       0       0       0       0       0       0       0       0       0
      Temps:          0       0       0       0       0       0       0       0       0       0       0       0       0       0       0       0       0
      Totals:         0       0       0       0       0       0       0       0       0       0       0       0       0       0       0       0       0
Total ram usage:        0 bytes
 Hardware stack levels used:    1
 Hardware stack levels required when called:    3
 This function calls:
		Nothing
 This function is called by:
		_StopWatch_Initialize
 This function uses a non-reentrant model


 *************** function _StopSyncStrobes *****************
 Defined at:
		line 204 in file "LED_Patterns.c"
 Parameters:    Size  Location     Type
  SLED_A          2    6[COMRAM] PTR struct StrobeLED
		 -> main@GenStrobe(13), 
  SLED_B          2    8[COMRAM] PTR struct StrobeLED
		 -> main@ACStrobe(13), 
 Auto vars:     Size  Location     Type
		None
 Return value:  Size  Location     Type
                  1    wreg      void 
 Registers used:
		wreg, fsr2l, fsr2h, status,2, status,0, cstack
 Tracked objects:
		On entry : 
		On exit  : 
		Unchanged: 
 Data sizes:     COMRAM   BANK0   BANK1   BANK2   BANK3   BANK4   BANK5   BANK6   BANK7   BANK8   BANK9  BANK10  BANK11  BANK12  BANK13  BANK14  BANK15
      Params:         4       0       0       0       0       0       0       0       0       0       0       0       0       0       0       0       0
      Locals:         0       0       0       0       0       0       0       0       0       0       0       0       0       0       0       0       0
      Temps:          0       0       0       0       0       0       0       0       0       0       0       0       0       0       0       0       0
      Totals:         4       0       0       0       0       0       0       0       0       0       0       0       0       0       0       0       0
Total ram usage:        4 bytes
 Hardware stack levels used:    1
 Hardware stack levels required when called:    4
 This function calls:
		_StopStrobe
 This function is called by:
		_main
 This function uses a non-reentrant model


 *************** function _StopRabbitLights *****************
 Defined at:
		line 399 in file "LED_Patterns.c"
 Parameters:    Size  Location     Type
  rp              2    0[COMRAM] PTR struct RabbitPort
		 -> main@Rabbit(13), 
 Auto vars:     Size  Location     Type
		None
 Return value:  Size  Location     Type
                  1    wreg      void 
 Registers used:
		wreg, fsr2l, fsr2h, status,2, status,0
 Tracked objects:
		On entry : 
		On exit  : 
		Unchanged: 
 Data sizes:     COMRAM   BANK0   BANK1   BANK2   BANK3   BANK4   BANK5   BANK6   BANK7   BANK8   BANK9  BANK10  BANK11  BANK12  BANK13  BANK14  BANK15
      Params:         2       0       0       0       0       0       0       0       0       0       0       0       0       0       0       0       0
      Locals:         0       0       0       0       0       0       0       0       0       0       0       0       0       0       0       0       0
      Temps:          4       0       0       0       0       0       0       0       0       0       0       0       0       0       0       0       0
      Totals:         6       0       0       0       0       0       0       0       0       0       0       0       0       0       0       0       0
Total ram usage:        6 bytes
 Hardware stack levels used:    1
 Hardware stack levels required when called:    3
 This function calls:
		Nothing
 This function is called by:
		_main
 This function uses a non-reentrant model


 *************** function _StartSyncStrobes *****************
 Defined at:
		line 171 in file "LED_Patterns.c"
 Parameters:    Size  Location     Type
  SLED_A          2   16[COMRAM] PTR struct StrobeLED
		 -> main@GenStrobe(13), 
  SLED_B          2   18[COMRAM] PTR struct StrobeLED
		 -> main@ACStrobe(13), 
  delay           4   20[COMRAM] unsigned long 
 Auto vars:     Size  Location     Type
		None
 Return value:  Size  Location     Type
                  1    wreg      void 
 Registers used:
		wreg, fsr2l, fsr2h, status,2, status,0, tblptrl, tblptrh, tblptru, cstack
 Tracked objects:
		On entry : 
		On exit  : 
		Unchanged: 
 Data sizes:     COMRAM   BANK0   BANK1   BANK2   BANK3   BANK4   BANK5   BANK6   BANK7   BANK8   BANK9  BANK10  BANK11  BANK12  BANK13  BANK14  BANK15
      Params:         8       0       0       0       0       0       0       0       0       0       0       0       0       0       0       0       0
      Locals:         0       0       0       0       0       0       0       0       0       0       0       0       0       0       0       0       0
      Temps:          8       0       0       0       0       0       0       0       0       0       0       0       0       0       0       0       0
      Totals:        16       0       0       0       0       0       0       0       0       0       0       0       0       0       0       0       0
Total ram usage:       16 bytes
 Hardware stack levels used:    1
 Hardware stack levels required when called:    5
 This function calls:
		_StartStrobe
		_StopStrobe
 This function is called by:
		_main
 This function uses a non-reentrant model


 *************** function _StartStrobe *****************
 Defined at:
		line 156 in file "LED_Patterns.c"
 Parameters:    Size  Location     Type
  SLED            2    6[COMRAM] PTR struct StrobeLED
		 -> main@GenStrobe(13), main@GStrobe(13), main@EFStrobe(13), 
 Auto vars:     Size  Location     Type
		None
 Return value:  Size  Location     Type
                  1    wreg      void 
 Registers used:
		wreg, fsr2l, fsr2h, status,2, status,0, tblptrl, tblptrh, tblptru, cstack
 Tracked objects:
		On entry : 
		On exit  : 
		Unchanged: 
 Data sizes:     COMRAM   BANK0   BANK1   BANK2   BANK3   BANK4   BANK5   BANK6   BANK7   BANK8   BANK9  BANK10  BANK11  BANK12  BANK13  BANK14  BANK15
      Params:         2       0       0       0       0       0       0       0       0       0       0       0       0       0       0       0       0
      Locals:         0       0       0       0       0       0       0       0       0       0       0       0       0       0       0       0       0
      Temps:          8       0       0       0       0       0       0       0       0       0       0       0       0       0       0       0       0
      Totals:        10       0       0       0       0       0       0       0       0       0       0       0       0       0       0       0       0
Total ram usage:       10 bytes
 Hardware stack levels used:    1
 Hardware stack levels required when called:    4
 This function calls:
		_GetCurrentTime
		_StopStrobe
 This function is called by:
		_main
		_StartSyncStrobes
 This function uses a non-reentrant model


 *************** function _StopStrobe *****************
 Defined at:
		line 196 in file "LED_Patterns.c"
 Parameters:    Size  Location     Type
  SLED            2    0[COMRAM] PTR struct StrobeLED
		 -> main@GenStrobe(13), main@ACStrobe(13), main@GStrobe(13), main@EFStrobe(13), 
 Auto vars:     Size  Location     Type
		None
 Return value:  Size  Location     Type
                  1    wreg      void 
 Registers used:
		wreg, fsr2l, fsr2h, status,2, status,0
 Tracked objects:
		On entry : 
		On exit  : 
		Unchanged: 
 Data sizes:     COMRAM   BANK0   BANK1   BANK2   BANK3   BANK4   BANK5   BANK6   BANK7   BANK8   BANK9  BANK10  BANK11  BANK12  BANK13  BANK14  BANK15
      Params:         2       0       0       0       0       0       0       0       0       0       0       0       0       0       0       0       0
      Locals:         0       0       0       0       0       0       0       0       0       0       0       0       0       0       0       0       0
      Temps:          4       0       0       0       0       0       0       0       0       0       0       0       0       0       0       0       0
      Totals:         6       0       0       0       0       0       0       0       0       0       0       0       0       0       0       0       0
Total ram usage:        6 bytes
 Hardware stack levels used:    1
 Hardware stack levels required when called:    3
 This function calls:
		Nothing
 This function is called by:
		_main
		_StartStrobe
		_StartSyncStrobes
		_StopSyncStrobes
 This function uses a non-reentrant model


 *************** function _StartStopWatch *****************
 Defined at:
		line 26 in file "stop_watch.c"
 Parameters:    Size  Location     Type
		None
 Auto vars:     Size  Location     Type
		None
 Return value:  Size  Location     Type
                  1    wreg      void 
 Registers used:
		cstack
 Tracked objects:
		On entry : 
		On exit  : 
		Unchanged: 
 Data sizes:     COMRAM   BANK0   BANK1   BANK2   BANK3   BANK4   BANK5   BANK6   BANK7   BANK8   BANK9  BANK10  BANK11  BANK12  BANK13  BANK14  BANK15
      Params:         0       0       0       0       0       0       0       0       0       0       0       0       0       0       0       0       0
      Locals:         0       0       0       0       0       0       0       0       0       0       0       0       0       0       0       0       0
      Temps:          0       0       0       0       0       0       0       0       0       0       0       0       0       0       0       0       0
      Totals:         0       0       0       0       0       0       0       0       0       0       0       0       0       0       0       0       0
Total ram usage:        0 bytes
 Hardware stack levels used:    1
 Hardware stack levels required when called:    4
 This function calls:
		_TMR0_StartTimer
 This function is called by:
		_main
 This function uses a non-reentrant model


 *************** function _TMR0_StartTimer *****************
 Defined at:
		line 86 in file "mcc_generated_files/tmr0.c"
 Parameters:    Size  Location     Type
		None
 Auto vars:     Size  Location     Type
		None
 Return value:  Size  Location     Type
                  1    wreg      void 
 Registers used:
		None
 Tracked objects:
		On entry : 
		On exit  : 
		Unchanged: 
 Data sizes:     COMRAM   BANK0   BANK1   BANK2   BANK3   BANK4   BANK5   BANK6   BANK7   BANK8   BANK9  BANK10  BANK11  BANK12  BANK13  BANK14  BANK15
      Params:         0       0       0       0       0       0       0       0       0       0       0       0       0       0       0       0       0
      Locals:         0       0       0       0       0       0       0       0       0       0       0       0       0       0       0       0       0
      Temps:          0       0       0       0       0       0       0       0       0       0       0       0       0       0       0       0       0
      Totals:         0       0       0       0       0       0       0       0       0       0       0       0       0       0       0       0       0
Total ram usage:        0 bytes
 Hardware stack levels used:    1
 Hardware stack levels required when called:    3
 This function calls:
		Nothing
 This function is called by:
		_StartStopWatch
 This function uses a non-reentrant model


 *************** function _StartRabbitLights *****************
 Defined at:
		line 336 in file "LED_Patterns.c"
 Parameters:    Size  Location     Type
  rp              2    4[COMRAM] PTR struct RabbitPort
		 -> main@Rabbit(13), 
 Auto vars:     Size  Location     Type
  i               1   14[COMRAM] unsigned char 
  Mask            1   15[COMRAM] unsigned char 
 Return value:  Size  Location     Type
                  1    wreg      void 
 Registers used:
		wreg, fsr2l, fsr2h, status,2, status,0, tblptrl, tblptrh, tblptru, cstack
 Tracked objects:
		On entry : 
		On exit  : 
		Unchanged: 
 Data sizes:     COMRAM   BANK0   BANK1   BANK2   BANK3   BANK4   BANK5   BANK6   BANK7   BANK8   BANK9  BANK10  BANK11  BANK12  BANK13  BANK14  BANK15
      Params:         2       0       0       0       0       0       0       0       0       0       0       0       0       0       0       0       0
      Locals:         2       0       0       0       0       0       0       0       0       0       0       0       0       0       0       0       0
      Temps:          8       0       0       0       0       0       0       0       0       0       0       0       0       0       0       0       0
      Totals:        12       0       0       0       0       0       0       0       0       0       0       0       0       0       0       0       0
Total ram usage:       12 bytes
 Hardware stack levels used:    1
 Hardware stack levels required when called:    4
 This function calls:
		_GetCurrentTime
 This function is called by:
		_main
 This function uses a non-reentrant model


 *************** function _StartGunFirePattern *****************
 Defined at:
		line 71 in file "LED_Patterns.c"
 Parameters:    Size  Location     Type
  gp              2    6[COMRAM] PTR struct GunPort
		 -> main@Gun3(17), main@Gun2(17), main@Gun1(17), 
 Auto vars:     Size  Location     Type
		None
 Return value:  Size  Location     Type
                  1    wreg      void 
 Registers used:
		wreg, fsr2l, fsr2h, status,2, status,0, tblptrl, tblptrh, tblptru, cstack
 Tracked objects:
		On entry : 
		On exit  : 
		Unchanged: 
 Data sizes:     COMRAM   BANK0   BANK1   BANK2   BANK3   BANK4   BANK5   BANK6   BANK7   BANK8   BANK9  BANK10  BANK11  BANK12  BANK13  BANK14  BANK15
      Params:         2       0       0       0       0       0       0       0       0       0       0       0       0       0       0       0       0
      Locals:         0       0       0       0       0       0       0       0       0       0       0       0       0       0       0       0       0
      Temps:          8       0       0       0       0       0       0       0       0       0       0       0       0       0       0       0       0
      Totals:        10       0       0       0       0       0       0       0       0       0       0       0       0       0       0       0       0
Total ram usage:       10 bytes
 Hardware stack levels used:    1
 Hardware stack levels required when called:    4
 This function calls:
		_GetCurrentTime
		_StopGunFirePattern
 This function is called by:
		_main
 This function uses a non-reentrant model


 *************** function _StopGunFirePattern *****************
 Defined at:
		line 143 in file "LED_Patterns.c"
 Parameters:    Size  Location     Type
  gp              2    0[COMRAM] PTR struct GunPort
		 -> main@Gun3(17), main@Gun2(17), main@Gun1(17), 
 Auto vars:     Size  Location     Type
		None
 Return value:  Size  Location     Type
                  1    wreg      void 
 Registers used:
		wreg, fsr2l, fsr2h, status,2, status,0
 Tracked objects:
		On entry : 
		On exit  : 
		Unchanged: 
 Data sizes:     COMRAM   BANK0   BANK1   BANK2   BANK3   BANK4   BANK5   BANK6   BANK7   BANK8   BANK9  BANK10  BANK11  BANK12  BANK13  BANK14  BANK15
      Params:         2       0       0       0       0       0       0       0       0       0       0       0       0       0       0       0       0
      Locals:         0       0       0       0       0       0       0       0       0       0       0       0       0       0       0       0       0
      Temps:          4       0       0       0       0       0       0       0       0       0       0       0       0       0       0       0       0
      Totals:         6       0       0       0       0       0       0       0       0       0       0       0       0       0       0       0       0
Total ram usage:        6 bytes
 Hardware stack levels used:    1
 Hardware stack levels required when called:    3
 This function calls:
		Nothing
 This function is called by:
		_main
		_StartGunFirePattern
 This function uses a non-reentrant model


 *************** function _GetCurrentTime *****************
 Defined at:
		line 30 in file "stop_watch.c"
 Parameters:    Size  Location     Type
		None
 Auto vars:     Size  Location     Type
		None
 Return value:  Size  Location     Type
                  4    0[COMRAM] unsigned long 
 Registers used:
		None
 Tracked objects:
		On entry : 
		On exit  : 
		Unchanged: 
 Data sizes:     COMRAM   BANK0   BANK1   BANK2   BANK3   BANK4   BANK5   BANK6   BANK7   BANK8   BANK9  BANK10  BANK11  BANK12  BANK13  BANK14  BANK15
      Params:         4       0       0       0       0       0       0       0       0       0       0       0       0       0       0       0       0
      Locals:         0       0       0       0       0       0       0       0       0       0       0       0       0       0       0       0       0
      Temps:          0       0       0       0       0       0       0       0       0       0       0       0       0       0       0       0       0
      Totals:         4       0       0       0       0       0       0       0       0       0       0       0       0       0       0       0       0
Total ram usage:        4 bytes
 Hardware stack levels used:    1
 Hardware stack levels required when called:    3
 This function calls:
		Nothing
 This function is called by:
		_StartGunFirePattern
		_UpdateGunLED
		_StartStrobe
		_UpdateStrobeLED
		_StartRabbitLights
		_UpdateRabbitLEDs
		__delayms
 This function uses a non-reentrant model


 *************** function _SYSTEM_Initialize *****************
 Defined at:
		line 101 in file "mcc_generated_files/mcc.c"
 Parameters:    Size  Location     Type
		None
 Auto vars:     Size  Location     Type
		None
 Return value:  Size  Location     Type
                  1    wreg      void 
 Registers used:
		wreg, status,2, status,0, cstack
 Tracked objects:
		On entry : 
		On exit  : 
		Unchanged: 
 Data sizes:     COMRAM   BANK0   BANK1   BANK2   BANK3   BANK4   BANK5   BANK6   BANK7   BANK8   BANK9  BANK10  BANK11  BANK12  BANK13  BANK14  BANK15
      Params:         0       0       0       0       0       0       0       0       0       0       0       0       0       0       0       0       0
      Locals:         0       0       0       0       0       0       0       0       0       0       0       0       0       0       0       0       0
      Temps:          0       0       0       0       0       0       0       0       0       0       0       0       0       0       0       0       0
      Totals:         0       0       0       0       0       0       0       0       0       0       0       0       0       0       0       0       0
Total ram usage:        0 bytes
 Hardware stack levels used:    1
 Hardware stack levels required when called:    5
 This function calls:
		_INTERRUPT_Initialize
		_OSCILLATOR_Initialize
		_PIN_MANAGER_Initialize
		_TMR0_Initialize
 This function is called by:
		_main
 This function uses a non-reentrant model


 *************** function _TMR0_Initialize *****************
 Defined at:
		line 60 in file "mcc_generated_files/tmr0.c"
 Parameters:    Size  Location     Type
		None
 Auto vars:     Size  Location     Type
		None
 Return value:  Size  Location     Type
                  1    wreg      void 
 Registers used:
		wreg, status,2, status,0, cstack
 Tracked objects:
		On entry : 
		On exit  : 
		Unchanged: 
 Data sizes:     COMRAM   BANK0   BANK1   BANK2   BANK3   BANK4   BANK5   BANK6   BANK7   BANK8   BANK9  BANK10  BANK11  BANK12  BANK13  BANK14  BANK15
      Params:         0       0       0       0       0       0       0       0       0       0       0       0       0       0       0       0       0
      Locals:         0       0       0       0       0       0       0       0       0       0       0       0       0       0       0       0       0
      Temps:          0       0       0       0       0       0       0       0       0       0       0       0       0       0       0       0       0
      Totals:         0       0       0       0       0       0       0       0       0       0       0       0       0       0       0       0       0
Total ram usage:        0 bytes
 Hardware stack levels used:    1
 Hardware stack levels required when called:    4
 This function calls:
		_TMR0_SetInterruptHandler
 This function is called by:
		_SYSTEM_Initialize
		_StopWatch_Initialize
 This function uses a non-reentrant model


 *************** function _TMR0_SetInterruptHandler *****************
 Defined at:
		line 133 in file "mcc_generated_files/tmr0.c"
 Parameters:    Size  Location     Type
  InterruptHan    2    0[COMRAM] PTR FTN()void 
		 -> StopWatchISR(1), TMR0_DefaultInterruptHandler(1), 
 Auto vars:     Size  Location     Type
		None
 Return value:  Size  Location     Type
                  1    wreg      void 
 Registers used:
		wreg, status,2, status,0
 Tracked objects:
		On entry : 
		On exit  : 
		Unchanged: 
 Data sizes:     COMRAM   BANK0   BANK1   BANK2   BANK3   BANK4   BANK5   BANK6   BANK7   BANK8   BANK9  BANK10  BANK11  BANK12  BANK13  BANK14  BANK15
      Params:         2       0       0       0       0       0       0       0       0       0       0       0       0       0       0       0       0
      Locals:         0       0       0       0       0       0       0       0       0       0       0       0       0       0       0       0       0
      Temps:          0       0       0       0       0       0       0       0       0       0       0       0       0       0       0       0       0
      Totals:         2       0       0       0       0       0       0       0       0       0       0       0       0       0       0       0       0
Total ram usage:        2 bytes
 Hardware stack levels used:    1
 Hardware stack levels required when called:    3
 This function calls:
		Nothing
 This function is called by:
		_TMR0_Initialize
		_StopWatch_Initialize
 This function uses a non-reentrant model


 *************** function _PIN_MANAGER_Initialize *****************
 Defined at:
		line 52 in file "mcc_generated_files/pin_manager.c"
 Parameters:    Size  Location     Type
		None
 Auto vars:     Size  Location     Type
		None
 Return value:  Size  Location     Type
                  1    wreg      void 
 Registers used:
		wreg, status,2
 Tracked objects:
		On entry : 
		On exit  : 
		Unchanged: 
 Data sizes:     COMRAM   BANK0   BANK1   BANK2   BANK3   BANK4   BANK5   BANK6   BANK7   BANK8   BANK9  BANK10  BANK11  BANK12  BANK13  BANK14  BANK15
      Params:         0       0       0       0       0       0       0       0       0       0       0       0       0       0       0       0       0
      Locals:         0       0       0       0       0       0       0       0       0       0       0       0       0       0       0       0       0
      Temps:          0       0       0       0       0       0       0       0       0       0       0       0       0       0       0       0       0
      Totals:         0       0       0       0       0       0       0       0       0       0       0       0       0       0       0       0       0
Total ram usage:        0 bytes
 Hardware stack levels used:    1
 Hardware stack levels required when called:    3
 This function calls:
		Nothing
 This function is called by:
		_SYSTEM_Initialize
 This function uses a non-reentrant model


 *************** function _OSCILLATOR_Initialize *****************
 Defined at:
		line 109 in file "mcc_generated_files/mcc.c"
 Parameters:    Size  Location     Type
		None
 Auto vars:     Size  Location     Type
		None
 Return value:  Size  Location     Type
                  1    wreg      void 
 Registers used:
		wreg, status,2
 Tracked objects:
		On entry : 
		On exit  : 
		Unchanged: 
 Data sizes:     COMRAM   BANK0   BANK1   BANK2   BANK3   BANK4   BANK5   BANK6   BANK7   BANK8   BANK9  BANK10  BANK11  BANK12  BANK13  BANK14  BANK15
      Params:         0       0       0       0       0       0       0       0       0       0       0       0       0       0       0       0       0
      Locals:         0       0       0       0       0       0       0       0       0       0       0       0       0       0       0       0       0
      Temps:          0       0       0       0       0       0       0       0       0       0       0       0       0       0       0       0       0
      Totals:         0       0       0       0       0       0       0       0       0       0       0       0       0       0       0       0       0
Total ram usage:        0 bytes
 Hardware stack levels used:    1
 Hardware stack levels required when called:    3
 This function calls:
		Nothing
 This function is called by:
		_SYSTEM_Initialize
 This function uses a non-reentrant model


 *************** function _INTERRUPT_Initialize *****************
 Defined at:
		line 51 in file "mcc_generated_files/interrupt_manager.c"
 Parameters:    Size  Location     Type
		None
 Auto vars:     Size  Location     Type
		None
 Return value:  Size  Location     Type
                  1    wreg      void 
 Registers used:
		None
 Tracked objects:
		On entry : 
		On exit  : 
		Unchanged: 
 Data sizes:     COMRAM   BANK0   BANK1   BANK2   BANK3   BANK4   BANK5   BANK6   BANK7   BANK8   BANK9  BANK10  BANK11  BANK12  BANK13  BANK14  BANK15
      Params:         0       0       0       0       0       0       0       0       0       0       0       0       0       0       0       0       0
      Locals:         0       0       0       0       0       0       0       0       0       0       0       0       0       0       0       0       0
      Temps:          0       0       0       0       0       0       0       0       0       0       0       0       0       0       0       0       0
      Totals:         0       0       0       0       0       0       0       0       0       0       0       0       0       0       0       0       0
Total ram usage:        0 bytes
 Hardware stack levels used:    1
 Hardware stack levels required when called:    3
 This function calls:
		Nothing
 This function is called by:
		_SYSTEM_Initialize
 This function uses a non-reentrant model


 *************** function _RabbitLightsInit *****************
 Defined at:
		line 319 in file "LED_Patterns.c"
 Parameters:    Size  Location     Type
  OP              2    0[COMRAM] PTR  unsigned char 
		 -> LATB(1), 
  IP              2    2[COMRAM] PTR  unsigned char 
		 -> PORTB(1), 
  SLED            1    4[COMRAM] const unsigned char 
  num             1    5[COMRAM] const unsigned char 
 Auto vars:     Size  Location     Type
  rp             13   13[COMRAM] struct RabbitPort
 Return value:  Size  Location     Type
                  13    0[COMRAM] struct RabbitPort
 Registers used:
		wreg, fsr0l, fsr0h, fsr2l, fsr2h, status,2, status,0
 Tracked objects:
		On entry : 
		On exit  : 
		Unchanged: 
 Data sizes:     COMRAM   BANK0   BANK1   BANK2   BANK3   BANK4   BANK5   BANK6   BANK7   BANK8   BANK9  BANK10  BANK11  BANK12  BANK13  BANK14  BANK15
      Params:        13       0       0       0       0       0       0       0       0       0       0       0       0       0       0       0       0
      Locals:        13       0       0       0       0       0       0       0       0       0       0       0       0       0       0       0       0
      Temps:          0       0       0       0       0       0       0       0       0       0       0       0       0       0       0       0       0
      Totals:        26       0       0       0       0       0       0       0       0       0       0       0       0       0       0       0       0
Total ram usage:       26 bytes
 Hardware stack levels used:    1
 Hardware stack levels required when called:    3
 This function calls:
		Nothing
 This function is called by:
		_main
 This function uses a non-reentrant model


 *************** function _GunPortInit_ *****************
 Defined at:
		line 12 in file "LED_Patterns.c"
 Parameters:    Size  Location     Type
  OP              2    0[COMRAM] PTR  unsigned char 
		 -> LATD(1), 
  IP              2    2[COMRAM] PTR  unsigned char 
		 -> PORTD(1), 
  GLED            1    4[COMRAM] const unsigned char 
  TLED            1    5[COMRAM] const unsigned char 
 Auto vars:     Size  Location     Type
  gp             17   22[COMRAM] struct GunPort
 Return value:  Size  Location     Type
                  17    0[COMRAM] struct GunPort
 Registers used:
		wreg, fsr0l, fsr0h, fsr2l, fsr2h, status,2, status,0
 Tracked objects:
		On entry : 
		On exit  : 
		Unchanged: 
 Data sizes:     COMRAM   BANK0   BANK1   BANK2   BANK3   BANK4   BANK5   BANK6   BANK7   BANK8   BANK9  BANK10  BANK11  BANK12  BANK13  BANK14  BANK15
      Params:        17       0       0       0       0       0       0       0       0       0       0       0       0       0       0       0       0
      Locals:        17       0       0       0       0       0       0       0       0       0       0       0       0       0       0       0       0
      Temps:          5       0       0       0       0       0       0       0       0       0       0       0       0       0       0       0       0
      Totals:        39       0       0       0       0       0       0       0       0       0       0       0       0       0       0       0       0
Total ram usage:       39 bytes
 Hardware stack levels used:    1
 Hardware stack levels required when called:    3
 This function calls:
		Nothing
 This function is called by:
		_main
 This function uses a non-reentrant model


 *************** function _GunPortInit *****************
 Defined at:
		line 41 in file "LED_Patterns.c"
 Parameters:    Size  Location     Type
  OP              2    0[COMRAM] PTR  unsigned char 
		 -> LATC(1), 
  IP              2    2[COMRAM] PTR  unsigned char 
		 -> PORTC(1), 
  TP              2    4[COMRAM] PTR  unsigned char 
		 -> LATD(1), 
  TIP             2    6[COMRAM] PTR  unsigned char 
		 -> PORTD(1), 
  GLED            1    8[COMRAM] const unsigned char 
  TLED            1    9[COMRAM] const unsigned char 
 Auto vars:     Size  Location     Type
  gp             17   19[COMRAM] struct GunPort
 Return value:  Size  Location     Type
                  17    0[COMRAM] struct GunPort
 Registers used:
		wreg, fsr0l, fsr0h, fsr2l, fsr2h, status,2, status,0
 Tracked objects:
		On entry : 
		On exit  : 
		Unchanged: 
 Data sizes:     COMRAM   BANK0   BANK1   BANK2   BANK3   BANK4   BANK5   BANK6   BANK7   BANK8   BANK9  BANK10  BANK11  BANK12  BANK13  BANK14  BANK15
      Params:        17       0       0       0       0       0       0       0       0       0       0       0       0       0       0       0       0
      Locals:        17       0       0       0       0       0       0       0       0       0       0       0       0       0       0       0       0
      Temps:          2       0       0       0       0       0       0       0       0       0       0       0       0       0       0       0       0
      Totals:        36       0       0       0       0       0       0       0       0       0       0       0       0       0       0       0       0
Total ram usage:       36 bytes
 Hardware stack levels used:    1
 Hardware stack levels required when called:    3
 This function calls:
		Nothing
 This function is called by:
		_main
 This function uses a non-reentrant model


 *************** function _INTERRUPT_InterruptManager *****************
 Defined at:
		line 57 in file "mcc_generated_files/interrupt_manager.c"
 Parameters:    Size  Location     Type
		None
 Auto vars:     Size  Location     Type
		None
 Return value:  Size  Location     Type
                  1    wreg      void 
 Registers used:
		wreg, status,2, status,0, pclath, tosl, cstack
 Tracked objects:
		On entry : 
		On exit  : 
		Unchanged: 
 Data sizes:     COMRAM   BANK0   BANK1   BANK2   BANK3   BANK4   BANK5   BANK6   BANK7   BANK8   BANK9  BANK10  BANK11  BANK12  BANK13  BANK14  BANK15
      Params:         0       0       0       0       0       0       0       0       0       0       0       0       0       0       0       0       0
      Locals:         0       0       0       0       0       0       0       0       0       0       0       0       0       0       0       0       0
      Temps:          0       0       0       0       0       0       0       0       0       0       0       0       0       0       0       0       0
      Totals:         0       0       0       0       0       0       0       0       0       0       0       0       0       0       0       0       0
Total ram usage:        0 bytes
 Hardware stack levels used:    1
 Hardware stack levels required when called:    2
 This function calls:
		_TMR0_ISR
 This function is called by:
		Interrupt level 2
 This function uses a non-reentrant model


 *************** function _TMR0_ISR *****************
 Defined at:
		line 120 in file "mcc_generated_files/tmr0.c"
 Parameters:    Size  Location     Type
		None
 Auto vars:     Size  Location     Type
		None
 Return value:  Size  Location     Type
                  1    wreg      void 
 Registers used:
		wreg, status,2, status,0, pclath, tosl, cstack
 Tracked objects:
		On entry : 
		On exit  : 
		Unchanged: 
 Data sizes:     COMRAM   BANK0   BANK1   BANK2   BANK3   BANK4   BANK5   BANK6   BANK7   BANK8   BANK9  BANK10  BANK11  BANK12  BANK13  BANK14  BANK15
      Params:         0       0       0       0       0       0       0       0       0       0       0       0       0       0       0       0       0
      Locals:         0       0       0       0       0       0       0       0       0       0       0       0       0       0       0       0       0
      Temps:          0       0       0       0       0       0       0       0       0       0       0       0       0       0       0       0       0
      Totals:         0       0       0       0       0       0       0       0       0       0       0       0       0       0       0       0       0
Total ram usage:        0 bytes
 Hardware stack levels used:    1
 Hardware stack levels required when called:    1
 This function calls:
		Absolute function
		_StopWatchISR
		_TMR0_DefaultInterruptHandler
 This function is called by:
		_INTERRUPT_InterruptManager
 This function uses a non-reentrant model


 *************** function _StopWatchISR *****************
 Defined at:
		line 35 in file "stop_watch.c"
 Parameters:    Size  Location     Type
		None
 Auto vars:     Size  Location     Type
		None
 Return value:  Size  Location     Type
                  1    wreg      void 
 Registers used:
		wreg, status,2, status,0
 Tracked objects:
		On entry : 
		On exit  : 
		Unchanged: 
 Data sizes:     COMRAM   BANK0   BANK1   BANK2   BANK3   BANK4   BANK5   BANK6   BANK7   BANK8   BANK9  BANK10  BANK11  BANK12  BANK13  BANK14  BANK15
      Params:         0       0       0       0       0       0       0       0       0       0       0       0       0       0       0       0       0
      Locals:         0       0       0       0       0       0       0       0       0       0       0       0       0       0       0       0       0
      Temps:          0       0       0       0       0       0       0       0       0       0       0       0       0       0       0       0       0
      Totals:         0       0       0       0       0       0       0       0       0       0       0       0       0       0       0       0       0
Total ram usage:        0 bytes
 Hardware stack levels used:    1
 This function calls:
		Nothing
 This function is called by:
		_StopWatch_Initialize
		_TMR0_ISR
 This function uses a non-reentrant model


 *************** function _TMR0_DefaultInterruptHandler *****************
 Defined at:
		line 137 in file "mcc_generated_files/tmr0.c"
 Parameters:    Size  Location     Type
		None
 Auto vars:     Size  Location     Type
		None
 Return value:  Size  Location     Type
                  1    wreg      void 
 Registers used:
		None
 Tracked objects:
		On entry : 
		On exit  : 
		Unchanged: 
 Data sizes:     COMRAM   BANK0   BANK1   BANK2   BANK3   BANK4   BANK5   BANK6   BANK7   BANK8   BANK9  BANK10  BANK11  BANK12  BANK13  BANK14  BANK15
      Params:         0       0       0       0       0       0       0       0       0       0       0       0       0       0       0       0       0
      Locals:         0       0       0       0       0       0       0       0       0       0       0       0       0       0       0       0       0
      Temps:          0       0       0       0       0       0       0       0       0       0       0       0       0       0       0       0       0
      Totals:         0       0       0       0       0       0       0       0       0       0       0       0       0       0       0       0       0
Total ram usage:        0 bytes
 Hardware stack levels used:    1
 This function calls:
		Nothing
 This function is called by:
		_TMR0_Initialize
		_TMR0_ISR
 This function uses a non-reentrant model



MODULE INFORMATION

Module		Function		Class		Link	Load	Size
stop_watch.c
		_StartStopWatch		CODE           	29D4	0000	7
		_StopWatchISR  		CODE           	29C0	0000	15
		_StopWatch_Initialize		CODE           	28D0	0000	39
		_GetCurrentTime		CODE           	2974	0000	27

stop_watch.c estimated size: 88

mcc_generated_files/interrupt_manager.c
		_INTERRUPT_Initialize		CODE           	29E0	0000	7
		_INTERRUPT_InterruptManager		CODE           	29A0	0000	19

mcc_generated_files/interrupt_manager.c estimated size: 26

mcc_generated_files/tmr0.c
		_TMR0_SetInterruptHandler		CODE           	29B2	0000	15
		_TMR0_StopTimer		CODE           	29CE	0000	7
		_TMR0_DefaultInterruptHandler		CODE           	29E6	0000	3
		_TMR0_StartTimer		CODE           	29DA	0000	7
		_TMR0_ISR      		CODE           	2918	0000	35
		_TMR0_Initialize		CODE           	28A2	0000	47

mcc_generated_files/tmr0.c estimated size: 114

mcc_generated_files/pin_manager.c
		_PIN_MANAGER_Initialize		CODE           	266C	0000	145

mcc_generated_files/pin_manager.c estimated size: 145

shared
		_STROBE_OFF_TIME_MS		SMALLCONST     	1015	0000	5
		_GUN_ON_TIME_MS		SMALLCONST     	1025	0000	5
		_RABBIT_OFF_TIME_MS		SMALLCONST     	1001	0000	5
		_STROBE_ON_TIME_MS		SMALLCONST     	1019	0000	5
		_TRIGGER1_PIN  		SMALLCONST     	102C	0000	2
		_TRIGGER2_PIN  		SMALLCONST     	102B	0000	2
		_RABBIT_ON_TIME_MS		SMALLCONST     	1005	0000	5
		_GUN_OFF_TIME_MS		SMALLCONST     	1021	0000	5
		_GUN_SPACE_TIME_MS		SMALLCONST     	101D	0000	5
		__initialization		CODE           	295A	0000	21
		_GEN_STROBE_ON_TIME_MS		SMALLCONST     	1011	0000	5
		_STROBE2_PIN   		SMALLCONST     	1029	0000	2
		_GEN_STROBE_OFF_TIME_MS		SMALLCONST     	100D	0000	5
		_STROBE1_PIN   		SMALLCONST     	102A	0000	2
		_AC_STROBE_DELAY_MS		SMALLCONST     	1009	0000	5

shared estimated size: 79

mcc_generated_files/mcc.c
		_OSCILLATOR_Initialize		CODE           	293A	0000	33
		_SYSTEM_Initialize		CODE           	298E	0000	19

mcc_generated_files/mcc.c estimated size: 52

LED_Patterns.c
		_StopSyncStrobes		CODE           	28F6	0000	35
		_RabbitLightsInit		CODE           	2850	0000	83
		_GunPortInit   		CODE           	244E	0000	187
		_GunPortInit_  		CODE           	25BC	0000	177
		_UpdateRabbitLEDs		CODE           	1D5A	0000	535
		_newStrobe     		CODE           	26FC	0000	125
		_UpdateStrobeLED		CODE           	102E	0000	1511
		_StartSyncStrobes		CODE           	2214	0000	301
		_StopStrobe    		CODE           	27E4	0000	109
		_UpdateGunLED  		CODE           	19DA	0000	897
		_StopGunFirePattern		CODE           	2508	0000	181
		_StartRabbitLights		CODE           	20C6	0000	335
		_StartGunFirePattern		CODE           	1F70	0000	343
		_StartStrobe   		CODE           	2340	0000	271
		_StopRabbitLights		CODE           	2778	0000	109

LED_Patterns.c estimated size: 5199

main.c
		_main          		CODE           	1614	0000	967

main.c estimated size: 967

